// Jest Snapshot v1, https://goo.gl/fbAQLP

exports[`Component: BookingForm should be represented by the snapshot 1`] = `
<div>
  <form>
    <div
      class="flex items-center gap-3 mt-3 mb-5"
    >
      <div
        class="flex items-start flex-col gap-1"
      >
        <label
          class="text-gray-600"
          for="checkin"
        >
          Check-in
        </label>
        <input
          class="border rounded-md p-1"
          id="checkin"
          type="date"
          value=""
        />
      </div>
      <div
        class="flex items-start flex-col gap-1"
      >
        <label
          class="text-gray-600"
          for="checkout"
        >
          Check-out
        </label>
        <input
          class="border rounded-md p-1 w-full"
          id="checkout"
          type="date"
          value=""
        />
      </div>
    </div>
    <button
      class="bg-blue-500 hover:bg-blue-700 text-white border border-blue-500 font-bold py-2 px-4 rounded"
      type="submit"
    >
      Book now
    </button>
  </form>
</div>
`;
