// Jest Snapshot v1, https://goo.gl/fbAQLP

exports[`Component: Drawer should be represented by the snapshot 1`] = `
<div>
  <div
    class="block"
  >
    <div
      class="bg-gray-900/50 fixed inset-0 z-30"
    />
    <div
      class="fixed top-0 right-0 z-40 h-screen p-4 overflow-y-auto transition-transform bg-white w-80 lg:w-96"
    >
      <h5
        class="inline-flex items-center mb-4 text-base font-semibold text-gray-500 dark:text-gray-400"
      >
        <svg
          aria-hidden="true"
          class="w-4 h-4 mr-2"
          fill="currentColor"
          viewBox="0 0 20 20"
          xmlns="http://www.w3.org/2000/svg"
        >
          <path
            d="M10 .5a9.5 9.5 0 1 0 9.5 9.5A9.51 9.51 0 0 0 10 .5ZM9.5 4a1.5 1.5 0 1 1 0 3 1.5 1.5 0 0 1 0-3ZM12 15H8a1 1 0 0 1 0-2h1v-3H8a1 1 0 0 1 0-2h2a1 1 0 0 1 1 1v4h1a1 1 0 0 1 0 2Z"
          />
        </svg>
        Bookings
      </h5>
      <button
        class="text-gray-400 bg-transparent hover:bg-gray-200 hover:text-gray-900 rounded-lg text-sm w-8 h-8 absolute top-3 end-3 flex items-center justify-center"
        type="button"
      >
        <svg
          aria-hidden="true"
          class="w-3 h-3"
          fill="none"
          viewBox="0 0 14 14"
          xmlns="http://www.w3.org/2000/svg"
        >
          <path
            d="m1 1 6 6m0 0 6 6M7 7l6-6M7 7l-6 6"
            stroke="currentColor"
            stroke-linecap="round"
            stroke-linejoin="round"
            stroke-width="2"
          />
        </svg>
        <span
          class="sr-only"
        >
          Close menu
        </span>
      </button>
      <div
        class="mt-8"
      >
        <ul>
          <li
            class="mb-8"
          >
            <div
              class="flex items-start justify-between flex-col mb-2"
            >
              <h6
                class="text-lg font-semibold"
              >
                Sample booking
              </h6>
              <span
                class="text-gray-500 dark:text-gray-400"
              >
                $
                100
                 / night
              </span>
            </div>
            <form>
              <div
                class="flex items-center gap-3 mt-3 mb-5"
              >
                <div
                  class="flex items-start flex-col gap-1"
                >
                  <label
                    class="text-gray-600"
                    for="checkin"
                  >
                    Check-in
                  </label>
                  <input
                    class="border rounded-md p-1"
                    id="checkin"
                    type="date"
                    value=""
                  />
                </div>
                <div
                  class="flex items-start flex-col gap-1"
                >
                  <label
                    class="text-gray-600"
                    for="checkout"
                  >
                    Check-out
                  </label>
                  <input
                    class="border rounded-md p-1 w-full"
                    id="checkout"
                    type="date"
                    value=""
                  />
                </div>
              </div>
              <div
                class="flex items-center gap-3 mt-4"
              >
                <button
                  class="bg-white text-blue-700 border border-blue-500 font-bold py-2 px-4 rounded"
                  type="button"
                >
                  Update
                </button>
                <button
                  class="bg-white text-red-700 border border-red-500 font-bold py-2 px-4 rounded"
                  type="button"
                >
                  Delete
                </button>
              </div>
            </form>
          </li>
        </ul>
      </div>
    </div>
  </div>
</div>
`;
